This is a doctest file for the function `add_integer`.

>>> add_integer = __import__('0-add_integer').add_integer

# Test 1: Both arguments as integers
>>> add_integer(3, 5)
8

# Test 2: First argument as integer, second as default (98)
>>> add_integer(10)
108

# Test 3: Both arguments as floats
>>> add_integer(3.5, 2.5)
5

# Test 4: Mixed integer and float (first argument float)
>>> add_integer(2.7, 3)
5

# Test 5: Mixed integer and float (second argument float)
>>> add_integer(10, 4.9)
14

# Test 6: Non-numeric first argument (TypeError expected)
>>> add_integer("10", 5)
Traceback (most recent call last):
    ...
TypeError: a must be an integer

# Test 7: Non-numeric second argument (TypeError expected)
>>> add_integer(5, "20")
Traceback (most recent call last):
    ...
TypeError: b must be an integer

# Test 8: Both arguments as negative integers
>>> add_integer(-3, -7)
-10

# Test 9: Adding zero to an integer
>>> add_integer(0, 5)
5

# Test 10: First argument as a float, rounded down to integer
>>> add_integer(2.9, 98)
100
